[ascelibrary.org/journal/jaeeez.html]
[backblue.gif]
[fade.gif]
[index.html]
[ascelibrary.org/cms/asset/a7422078-c3ec-4f93-bdde-3b58f8ac4f81/large_placeholder_cover.jpg]
[ascelibrary.org/wro/lr5a_article-metrics-phase2.css]
[ascelibrary.org/wro/lr5a_product.css]
[ascelibrary.org/pb/css/t1666777028000-v1666777028000/head_3_4_184_en.css]
[ascelibrary.org/journal/t1666777028000-v1666777028000/head_3_4_184_en.css]
[ascelibrary.org/wro/lr5a_loadinview.js]
[ascelibrary.org/wro/lr5a_product.js]
[script.crazyegg.com/pages/scripts/0086/6567.js]
[rum-static.pingdom.net/prum.min.js]
[ascelibrary.org/pb-assets/ASCE_Library_logo_white.png]
[ascelibrary.org/pb-assets/ASCE_logo_menudrawer.jpg]
[ascelibrary.org/journal/geosek.html]
[ascelibrary.org/journal/ciegag.html]
[ascelibrary.org/sda/101922/Ad_Editage_2.jpg]
[ascelibrary.org/journal/jaeeezb727.html]
[ascelibrary.org/pb-assets/images/JOURNAL COVERS/MT1.jpg]
[ascelibrary.org/pb-assets/images/JOURNAL COVERS/9780784481899.largecover.jpg]
[ascelibrary.org/journal/jmcee7.html]
[ascelibrary.org/pb-assets/images/JOURNAL COVERS/CO1.jpg]
[ascelibrary.org/pb-assets/ASCE-footer-Logo.png]
[ascelibrary.org/journal/jaeeez.html]
[ascelibrary.org/wro/lr5a_article-metrics-phase2.css]
[ascelibrary.org/journal/jcemd4.html]
[ascelibrary.org/templates/jsp/css/jquery-ui-1.10.2/base/images/animated-overlay.gif]
[ascelibrary.org/templates/jsp/css/jquery-ui-1.10.2/base/images/ui-bg_flat_75_ffffff_40x100.png]
[ascelibrary.org/templates/jsp/css/jquery-ui-1.10.2/base/images/ui-bg_highlight-soft_75_cccccc_1x100.png]
[ascelibrary.org/templates/jsp/css/jquery-ui-1.10.2/base/images/ui-bg_glass_75_e6e6e6_1x400.png]
[ascelibrary.org/templates/jsp/css/jquery-ui-1.10.2/base/images/ui-bg_glass_75_dadada_1x400.png]
[ascelibrary.org/templates/jsp/css/jquery-ui-1.10.2/base/images/ui-bg_glass_65_ffffff_1x400.png]
[ascelibrary.org/templates/jsp/css/jquery-ui-1.10.2/base/images/ui-bg_glass_55_fbf9ee_1x400.png]
[ascelibrary.org/templates/jsp/css/jquery-ui-1.10.2/base/images/ui-bg_glass_95_fef1ec_1x400.png]
[ascelibrary.org/templates/jsp/css/jquery-ui-1.10.2/base/images/ui-icons_222222_256x240.png]
[ascelibrary.org/templates/jsp/css/jquery-ui-1.10.2/base/images/ui-icons_888888_256x240.png]
[ascelibrary.org/templates/jsp/css/jquery-ui-1.10.2/base/images/ui-icons_454545_256x240.png]
[ascelibrary.org/templates/jsp/css/jquery-ui-1.10.2/base/images/ui-icons_2e83ff_256x240.png]
[ascelibrary.org/templates/jsp/css/jquery-ui-1.10.2/base/images/ui-icons_cd0a0a_256x240.png]
[ascelibrary.org/templates/jsp/css/jquery-ui-1.10.2/base/images/ui-bg_flat_0_aaaaaa_40x100.png]
[releases.flowplayer.org/5.4.6/skin/img/white.png]
[releases.flowplayer.org/5.4.6/skin/img/white_rtl.png]
[releases.flowplayer.org/5.4.6/skin/img/black.png]
[releases.flowplayer.org/5.4.6/skin/img/black_rtl.png]
[releases.flowplayer.org/5.4.6/skin/img/black@x2.png]
[releases.flowplayer.org/5.4.6/skin/img/black_rtl@x2.png]
[releases.flowplayer.org/5.4.6/skin/img/white@x2.png]
[releases.flowplayer.org/5.4.6/skin/img/white_rtl@x2.png]
[releases.flowplayer.org/5.4.6/skin/img/play_white.png]
[releases.flowplayer.org/5.4.6/skin/img/play_white_rtl.png]
[releases.flowplayer.org/5.4.6/skin/img/play_white@x2.png]
[releases.flowplayer.org/5.4.6/skin/img/play_white_rtl@x2.png]
[releases.flowplayer.org/5.4.6/skin/img/play_black.png]
[releases.flowplayer.org/5.4.6/skin/img/play_black_rtl.png]
[releases.flowplayer.org/5.4.6/skin/img/play_black@x2.png]
[releases.flowplayer.org/5.4.6/skin/img/play_black_rtl@x2.png]
[releases.flowplayer.org/5.4.6/skin/img/flowplayer.png]
[releases.flowplayer.org/5.4.6/skin/img/flowplayer@2x.png]
[ascelibrary.org/templates/jsp/pb2/widgets/pageBuilderLiteratum/tag-publications/images/sort_both.png]
[ascelibrary.org/templates/jsp/pb2/widgets/pageBuilderLiteratum/tag-publications/images/sort_asc.png]
[ascelibrary.org/templates/jsp/pb2/widgets/pageBuilderLiteratum/tag-publications/images/sort_desc.png]
[ascelibrary.org/templates/jsp/pb2/widgets/pageBuilderLiteratum/tag-publications/images/sort_asc_disabled.png]
[ascelibrary.org/templates/jsp/pb2/widgets/pageBuilderLiteratum/tag-publications/images/sort_desc_disabled.png]
[ascelibrary.org/templates/jsp/images/tfa/arowpng.png]
[ascelibrary.org/templates/jsp/images/tfa/flags32-1.png]
[img2.wikia.nocookie.net/__cb20120818025551/merlin1/images/4/46/Drop_down_arrow.gif_; filename_=UTF-8''Drop_down_arrow.gif]
[ascelibrary.org/templates/jsp/_style2/images/fv_close.png]
[ascelibrary.org/templates/jsp/images/select-x.gif]
[ascelibrary.org/templates/jsp/images/icon-weo.gif]
[ascelibrary.org/templates/jsp/images/figureViewer-bg2.gif]
[ascelibrary.org/templates/jsp/_style2/images/fv_browse.png]
[ascelibrary.org/templates/jsp/_style2/_rsdTheme/pb2/img/fv_plus_minus.png]
[ascelibrary.org/templates/jsp/_style2/_rsdTheme/pb2/css/customScroller/mCSB_buttons.png]
[ascelibrary.org/templates/jsp/images/tfa/flags32.png]
[ascelibrary.org/templates/jsp/images/icon_info.gif]
[ascelibrary.org/templates/jsp/pb2/img/335.gif]
[ascelibrary.org/templates/jsp/pb2/img/credit-cards/cc-sprite.png]
[ascelibrary.org/templates/jsp/pb2/img/credit-cards/cyberSource.png]
[ascelibrary.org/templates/jsp/images/nmi-logo.png]
[ascelibrary.org/wro/lr5a_product.css]
[ascelibrary.org/templates/jsp/_style2/_rsdTheme/_asce/pb2/css/fonts-Open-Sans-300,400,600,700,800.css]
[ascelibrary.org/templates/jsp/_style2/_rsdTheme/pb2/css/fonts-Open-Sans-400,300,600,700.css]
[ascelibrary.org/templates/jsp/_style2/_rsdTheme/pb2/css/font-Roboto-Slab-400,300.css]
[ascelibrary.org/templates/jsp/_style2/_rsdTheme/_asce/pb2/css/fonts-Open-Sans-400,800,700.css]
[ascelibrary.org/resources/page-builder/img/widget-placeholder.png]
[ascelibrary.org/resources/page-builder/img/playPause.gif]
[ascelibrary.org/templates/jsp/pb2/widgets/checkbox_arrow.gif]
[ascelibrary.org/templates/jsp/images/expand.gif]
[ascelibrary.org/templates/jsp/images/collapse.gif]
[ascelibrary.org/templates/jsp/images/icon_arrow_off_right.gif]
[ascelibrary.org/templates/jsp/images/icon_arrow_right.gif]
[ascelibrary.org/templates/jsp/images/related-active.jpg]
[ascelibrary.org/templates/jsp/images/cart.png]
[ascelibrary.org/templates/jsp/images/balloon-notch.gif]
[ascelibrary.org/templates/jsp/images/next-grey.png]
[ascelibrary.org/templates/jsp/images/prev-grey.png]
[ascelibrary.org/templates/jsp/pb2/img/icons-01.gif]
[ascelibrary.org/templates/jsp/pb2/widgets/images/closeIcon.gif]
[ascelibrary.org/templates/jsp/pb2/widgets/images/cpd.gif]
[ascelibrary.org/templates/jsp/pb2/widgets/images/loading.gif]
[ascelibrary.org/templates/jsp/pb2/img/ico-more-less.png]
[ascelibrary.org/templates/jsp/images/socialNetworkButtons.png]
[ascelibrary.org/templates/jsp/pb2/img/spritesheet.png]
[ascelibrary.org/templates/jsp/pb2/img/icon_arrow_dropdown.png]
[ascelibrary.org/templates/jsp/pb2/img/icon_x.png]
[ascelibrary.org/templates/jsp/pb2/img/ajax-loader-big.gif]
[ascelibrary.org/templates/jsp/pb2/img/icon_x_small_facets.png]
[ascelibrary.org/templates/jsp/images/chosen-sprite.png]
[ascelibrary.org/templates/jsp/pb2/img/icon_preview_blue.png]
[ascelibrary.org/templates/jsp/pb2/img/interjectionIcon.png]
[ascelibrary.org/templates/jsp/pb2/img/ajax-loader-blue.gif]
[ascelibrary.org/pb-assets/ENDO/bg.6b.delayed]
[ascelibrary.org/pb/css/t1666777028000-v1666777028000/head_3_4_184_en.css]
[ascelibrary.org/journal/t1666777028000-v1666777028000/head_3_4_184_en.css]
[www.googletagmanager.com/gtm5445.html]
[ascelibrary.org/cms/asset/37488a27-8965-4ead-9b3e-ab68cf3f008e/large_placeholder_cover.jpg]
[ascelibrary.org/journal/ciegag.html]
[ascelibrary.org/journal/ciegagb727.html]
[ascelibrary.org/cms/asset/9099ab93-3f03-4594-ab74-2c62e74958ff/large_placeholder_cover.jpg]
[ascelibrary.org/journal/geosekb727.html]
[ascelibrary.org/journal/COVERS/9780784413173.cover.70.delayed]
[ascelibrary.org/pb-assets/images/JOURNAL COVERS/9780784413173.cover.jpg]
[ascelibrary.org/pb-assets/images/JOURNAL COVERS/ME.122.157.jpg]
[ascelibrary.org/journal/jmenea.html]
[ascelibrary.org/journal/jladah.html]
[ascelibrary.org/pb-assets/images/JOURNAL COVERS/legalaffairs.jpg]
[ascelibrary.org/journal/geosek.html]
[ascelibrary.org/journal/jaeeezb727.html]
[ascelibrary.org/cms/asset/ba5f37ec-271f-4d0c-8901-2cab78e10975/large_placeholder_cover.jpg]
[ascelibrary.org/pb-assets/images/cishield.png]
[ascelibrary.org/pb-assets/images/JOURNAL COVERS/9780784414736.jpg]
[ascelibrary.org/pb-assets/images/JOURNAL COVERS/CC.jpg]
[ascelibrary.org/journal/jmcee7b727.html]
[ascelibrary.org/journal/jmcee7.html]
[ascelibrary.org/cms/asset/16e41aef-0cf9-4f07-a064-11af9110fb59/large_placeholder_cover.jpg]
[ascelibrary.org/journal/jccof2.html]
[ascelibrary.org/pb-assets/images/CONT ED ADS/PS-CONSTR.png]
[ascelibrary.org/journal/jcemd4b727.html]
[ascelibrary.org/pb-assets/images/9780784414736.largecover.jpg]
[ascelibrary.org/journal/jcemd4.html]
[ascelibrary.org/templates/jsp/_style2/_rsdTheme/_asce/pb2/css/fonts-Open-Sans-300,400,600,700,800.css]
[ascelibrary.org/templates/jsp/_style2/_rsdTheme/pb2/css/fonts-Open-Sans-400,300,600,700.css]
[ascelibrary.org/templates/jsp/_style2/_rsdTheme/pb2/css/font-Roboto-Slab-400,300.css]
[ascelibrary.org/templates/jsp/_style2/_rsdTheme/_asce/pb2/css/fonts-Open-Sans-400,800,700.css]
[ascelibrary.org/pb-assets/ENDO/bg.html]
[ascelibrary.org/journal/ciegagb727.html]
[ascelibrary.org/journal/geosekb727.html]
[ascelibrary.org/journal/COVERS/9780784413173.cover.jpg]
[ascelibrary.org/journal/jcemd4a714.html]
[ascelibrary.org/cms/asset/c4ca46a7-868a-44d7-801c-c10f9b0c6dc0/large_placeholder_cover.jpg]
[ascelibrary.org/journal/jmeneab727.html]
[ascelibrary.org/pb-assets/images/JOURNAL COVERS/9780784414415.cover.jpg]
[ascelibrary.org/pb-assets/images/JOURNAL COVERS/CO.jpg]
[ascelibrary.org/pb-assets/images/JOURNAL COVERS/RU.jpg]
[ascelibrary.org/journal/jmenea.html]
[ascelibrary.org/journal/ajrua6.html]
[ascelibrary.org/cms/asset/9cf1ff30-5c16-45a6-828f-f4e970778f0c/large_placeholder_cover.jpg]
[ascelibrary.org/pb-assets/images/JOURNAL COVERS/9780784414293.cover.jpg]
[ascelibrary.org/journal/jladah.html]
[ascelibrary.org/journal/jmcee7b727.html]
[ascelibrary.org/journal/jladahb727.html]
[ascelibrary.org/cms/asset/5b1ec77e-73a6-42b6-8102-e140055456e5/large_placeholder_cover.jpg]
[ascelibrary.org/pb-assets/images/JOURNAL COVERS/9780784479735.cover.jpg]
[ascelibrary.org/pb-assets/images/JOURNAL COVERS/MT2.jpg]
[ascelibrary.org/journal/jccof2.html]
[ascelibrary.org/journal/jcemd4b727.html]
[ascelibrary.org/journal/jccof2b727.html]
[ascelibrary.org/journal/jcemd4a714.html]
[ascelibrary.org/journal/jmeneab727.html]
[ascelibrary.org/journal/jcemd4094f.html]
[ascelibrary.org/cms/asset/d88aa847-5bd0-4079-bf72-2295abcd6317/large_placeholder_cover.jpg]
[ascelibrary.org/pb-assets/images/COLLECTIONS/ORCID-icon.png]
[ascelibrary.org/journal/ajrua6b727.html]
[ascelibrary.org/pb-assets/images/JOURNAL COVERS/9780784415368.largecover.jpg]
[ascelibrary.org/pb-assets/images/JOURNAL COVERS/SU1.jpg]
[ascelibrary.org/journal/jsued2.html]
[ascelibrary.org/pb-assets/images/JOURNAL COVERS/ME.jpg]
[ascelibrary.org/journal/ajrua6.html]
[ascelibrary.org/journal/jladahb727.html]
[ascelibrary.org/journal/jccof2b727.html]
[ascelibrary.org/journal/jcemd4094f.html]
[ascelibrary.org/journal/ajrua6b727.html]
[ascelibrary.org/cms/asset/9d701adc-b88b-4e3e-8a11-b56a16095491/large_placeholder_cover.jpg]
[ascelibrary.org/pb-assets/images/uesi-shield-small.png]
[ascelibrary.org/journal/jsued2b727.html]
[ascelibrary.org/pb-assets/images/JOURNAL COVERS/9780784411506.jpg]
[ascelibrary.org/journal/jaeee]
[ascelibrary.org/pb-assets/images/JOURNAL COVERS/AS.122.157.jpg]
[ascelibrary.org/pb-assets/images/JOURNAL COVERS/CEE.PNG]
[ascelibrary.org/journal/jsued2.html]
[ascelibrary.org/journal/jsued2b727.html]
[ascelibrary.org/journal/jceecd.html]
[ascelibrary.org/journal/jaeee.html]
[ascelibrary.org/cms/asset/0400ad24-c519-4102-a847-7faa435755dd/default_cover.jpg]
[ascelibrary.org/pb-assets/images/HOME PAGE/9780784415238.largecover.jpg]
[ascelibrary.org/journal/jceecd.html]
[ascelibrary.org/journal/jceecdb727.html]
[ascelibrary.org/journal/jceecdb727.html]
